// Jest Snapshot v1, https://goo.gl/fbAQLP

exports[`test button snapshot 1`] = `
Object {
  "asFragment": [Function],
  "baseElement": <body>
    <div>
      <div
        style="border: 2px dashed black; padding: 10px; background: black; color: red; display: flex;"
      >
        <h1>
          Hello Jest test case
        </h1>
        <p>
          DeprecationWarning: The \`punycode\` module is deprecated. Please use a userland alternative instead.
        </p>
        <img
          height="100px"
          src="https://img.freepik.com/free-psd/black-ink-splatter-abstract-art-design-graphic_84443-35548.jpg?ga=GA1.1.1057615231.1738340637&semt=ais_hybrid"
          title="freepik images"
          width="100px"
        />
      </div>
      <div
        style="border: 2px dashed black; padding: 40px; background: gray; color: blue; display: flex;"
      >
        <div>
          <label>
            First Name
          </label>
          <input
            name="firstname"
            placeholder="Enter first name"
            type="text"
            value=""
          />
        </div>
      </div>
      <div>
        <button>
          Update Data
        </button>
        <h1 />
      </div>
      <h2>
        Snapshot testing
      </h2>
    </div>
  </body>,
  "container": <div>
    <div
      style="border: 2px dashed black; padding: 10px; background: black; color: red; display: flex;"
    >
      <h1>
        Hello Jest test case
      </h1>
      <p>
        DeprecationWarning: The \`punycode\` module is deprecated. Please use a userland alternative instead.
      </p>
      <img
        height="100px"
        src="https://img.freepik.com/free-psd/black-ink-splatter-abstract-art-design-graphic_84443-35548.jpg?ga=GA1.1.1057615231.1738340637&semt=ais_hybrid"
        title="freepik images"
        width="100px"
      />
    </div>
    <div
      style="border: 2px dashed black; padding: 40px; background: gray; color: blue; display: flex;"
    >
      <div>
        <label>
          First Name
        </label>
        <input
          name="firstname"
          placeholder="Enter first name"
          type="text"
          value=""
        />
      </div>
    </div>
    <div>
      <button>
        Update Data
      </button>
      <h1 />
    </div>
    <h2>
      Snapshot testing
    </h2>
  </div>,
  "debug": [Function],
  "findAllByAltText": [Function],
  "findAllByDisplayValue": [Function],
  "findAllByLabelText": [Function],
  "findAllByPlaceholderText": [Function],
  "findAllByRole": [Function],
  "findAllByTestId": [Function],
  "findAllByText": [Function],
  "findAllByTitle": [Function],
  "findByAltText": [Function],
  "findByDisplayValue": [Function],
  "findByLabelText": [Function],
  "findByPlaceholderText": [Function],
  "findByRole": [Function],
  "findByTestId": [Function],
  "findByText": [Function],
  "findByTitle": [Function],
  "getAllByAltText": [Function],
  "getAllByDisplayValue": [Function],
  "getAllByLabelText": [Function],
  "getAllByPlaceholderText": [Function],
  "getAllByRole": [Function],
  "getAllByTestId": [Function],
  "getAllByText": [Function],
  "getAllByTitle": [Function],
  "getByAltText": [Function],
  "getByDisplayValue": [Function],
  "getByLabelText": [Function],
  "getByPlaceholderText": [Function],
  "getByRole": [Function],
  "getByTestId": [Function],
  "getByText": [Function],
  "getByTitle": [Function],
  "queryAllByAltText": [Function],
  "queryAllByDisplayValue": [Function],
  "queryAllByLabelText": [Function],
  "queryAllByPlaceholderText": [Function],
  "queryAllByRole": [Function],
  "queryAllByTestId": [Function],
  "queryAllByText": [Function],
  "queryAllByTitle": [Function],
  "queryByAltText": [Function],
  "queryByDisplayValue": [Function],
  "queryByLabelText": [Function],
  "queryByPlaceholderText": [Function],
  "queryByRole": [Function],
  "queryByTestId": [Function],
  "queryByText": [Function],
  "queryByTitle": [Function],
  "rerender": [Function],
  "unmount": [Function],
}
`;
